{
  "version": "1.5.0",
  "plugins_used": [
    {
      "name": "ArtifactoryDetector"
    },
    {
      "name": "AWSKeyDetector"
    },
    {
      "name": "AzureStorageKeyDetector"
    },
    {
      "name": "Base64HighEntropyString",
      "limit": 4.5
    },
    {
      "name": "BasicAuthDetector"
    },
    {
      "name": "CloudantDetector"
    },
    {
      "name": "DiscordBotTokenDetector"
    },
    {
      "name": "GitHubTokenDetector"
    },
    {
      "name": "GitLabTokenDetector"
    },
    {
      "name": "HexHighEntropyString",
      "limit": 3.0
    },
    {
      "name": "IbmCloudIamDetector"
    },
    {
      "name": "IbmCosHmacDetector"
    },
    {
      "name": "IPPublicDetector"
    },
    {
      "name": "JwtTokenDetector"
    },
    {
      "name": "KeywordDetector",
      "keyword_exclude": ""
    },
    {
      "name": "MailchimpDetector"
    },
    {
      "name": "NpmDetector"
    },
    {
      "name": "OpenAIDetector"
    },
    {
      "name": "PrivateKeyDetector"
    },
    {
      "name": "PypiTokenDetector"
    },
    {
      "name": "SendGridDetector"
    },
    {
      "name": "SlackDetector"
    },
    {
      "name": "SoftlayerDetector"
    },
    {
      "name": "SquareOAuthDetector"
    },
    {
      "name": "StripeDetector"
    },
    {
      "name": "TelegramBotTokenDetector"
    },
    {
      "name": "TwilioKeyDetector"
    }
  ],
  "filters_used": [
    {
      "path": "detect_secrets.filters.allowlist.is_line_allowlisted"
    },
    {
      "path": "detect_secrets.filters.common.is_ignored_due_to_verification_policies",
      "min_level": 2
    },
    {
      "path": "detect_secrets.filters.heuristic.is_indirect_reference"
    },
    {
      "path": "detect_secrets.filters.heuristic.is_likely_id_string"
    },
    {
      "path": "detect_secrets.filters.heuristic.is_lock_file"
    },
    {
      "path": "detect_secrets.filters.heuristic.is_not_alphanumeric_string"
    },
    {
      "path": "detect_secrets.filters.heuristic.is_potential_uuid"
    },
    {
      "path": "detect_secrets.filters.heuristic.is_prefixed_with_dollar_sign"
    },
    {
      "path": "detect_secrets.filters.heuristic.is_sequential_string"
    },
    {
      "path": "detect_secrets.filters.heuristic.is_swagger_file"
    },
    {
      "path": "detect_secrets.filters.heuristic.is_templated_secret"
    }
  ],
  "results": {
    ".github/workflows/build_test.yml": [
      {
        "type": "Secret Keyword",
        "filename": ".github/workflows/build_test.yml",
        "hashed_secret": "baed55b8f6cf47ebc9d02cbc4945ebedb22cb05a",
        "is_verified": false,
        "line_number": 379
      }
    ],
    ".vscode/launch.json": [
      {
        "type": "Secret Keyword",
        "filename": ".vscode/launch.json",
        "hashed_secret": "baed55b8f6cf47ebc9d02cbc4945ebedb22cb05a",
        "is_verified": false,
        "line_number": 45
      }
    ],
    "deploy/k8s/ainari/templates/dashboard/dashboard-deployment.yaml": [
      {
        "type": "Secret Keyword",
        "filename": "deploy/k8s/ainari/templates/dashboard/dashboard-deployment.yaml",
        "hashed_secret": "42df372714092a0b07cb8e6c33a30b7e10e9d230",
        "is_verified": false,
        "line_number": 85
      }
    ],
    "deploy/k8s/ainari/templates/hanami/hanami-deployment.yaml": [
      {
        "type": "Secret Keyword",
        "filename": "deploy/k8s/ainari/templates/hanami/hanami-deployment.yaml",
        "hashed_secret": "848c7298c230f395ecd84f5afb45e28919d2af20",
        "is_verified": false,
        "line_number": 100
      }
    ],
    "deploy/k8s/ainari/templates/miko/miko-deployment.yaml": [
      {
        "type": "Secret Keyword",
        "filename": "deploy/k8s/ainari/templates/miko/miko-deployment.yaml",
        "hashed_secret": "a8fd869cf678cfd350b2aa8fb2bc4e030c75e11d",
        "is_verified": false,
        "line_number": 102
      },
      {
        "type": "Secret Keyword",
        "filename": "deploy/k8s/ainari/templates/miko/miko-deployment.yaml",
        "hashed_secret": "869cc02a94ab8272bd9e4fdfaa44a7a6ee503b64",
        "is_verified": false,
        "line_number": 108
      }
    ],
    "deploy/k8s/ainari/templates/omamori/omamori-config.yaml": [
      {
        "type": "Base64 High Entropy String",
        "filename": "deploy/k8s/ainari/templates/omamori/omamori-config.yaml",
        "hashed_secret": "88066d49d453bb7bb3cefca34e9d5d9b08a0dca8",
        "is_verified": false,
        "line_number": 19
      }
    ],
    "deploy/k8s/ainari/templates/omamori/omamori-deployment.yaml": [
      {
        "type": "Secret Keyword",
        "filename": "deploy/k8s/ainari/templates/omamori/omamori-deployment.yaml",
        "hashed_secret": "7e03b7005f0edeb58b1c01108c48f399cc5afa22",
        "is_verified": false,
        "line_number": 95
      }
    ],
    "deploy/k8s/ainari/templates/onsen/onsen-statefulset.yaml": [
      {
        "type": "Secret Keyword",
        "filename": "deploy/k8s/ainari/templates/onsen/onsen-statefulset.yaml",
        "hashed_secret": "a191d9cb43e3f682b350dcdc74b2167ff78ed3b4",
        "is_verified": false,
        "line_number": 102
      }
    ],
    "deploy/k8s/ainari/templates/ryokan/ryokan-deployment.yaml": [
      {
        "type": "Secret Keyword",
        "filename": "deploy/k8s/ainari/templates/ryokan/ryokan-deployment.yaml",
        "hashed_secret": "cfb578e526e4f4bc7f3643626268985af4cc31f5",
        "is_verified": false,
        "line_number": 113
      },
      {
        "type": "Secret Keyword",
        "filename": "deploy/k8s/ainari/templates/ryokan/ryokan-deployment.yaml",
        "hashed_secret": "8ecbfb09891f75ade7c286346fe355113e680af7",
        "is_verified": false,
        "line_number": 120
      }
    ],
    "deploy/k8s/ainari/templates/sakura/sakura-statefulset.yaml": [
      {
        "type": "Secret Keyword",
        "filename": "deploy/k8s/ainari/templates/sakura/sakura-statefulset.yaml",
        "hashed_secret": "529e8b889d96abe850699acd2b3e2e66ccfb627f",
        "is_verified": false,
        "line_number": 214
      },
      {
        "type": "Secret Keyword",
        "filename": "deploy/k8s/ainari/templates/sakura/sakura-statefulset.yaml",
        "hashed_secret": "5a6f36c2381637d61a2957a20f497c6a5d269e6a",
        "is_verified": false,
        "line_number": 220
      },
      {
        "type": "Secret Keyword",
        "filename": "deploy/k8s/ainari/templates/sakura/sakura-statefulset.yaml",
        "hashed_secret": "845e1c68668309b563d8a17950b9529de8b3616e",
        "is_verified": false,
        "line_number": 227
      }
    ],
    "deploy/k8s/ainari/templates/torii/torii-deployment.yaml": [
      {
        "type": "Secret Keyword",
        "filename": "deploy/k8s/ainari/templates/torii/torii-deployment.yaml",
        "hashed_secret": "5a6f36c2381637d61a2957a20f497c6a5d269e6a",
        "is_verified": false,
        "line_number": 136
      }
    ],
    "deploy/k8s/ainari/values.yaml": [
      {
        "type": "Secret Keyword",
        "filename": "deploy/k8s/ainari/values.yaml",
        "hashed_secret": "aee44f3018cd763aa2a6dcef7c1ee20b5a2e7ba1",
        "is_verified": false,
        "line_number": 54
      }
    ],
    "deploy/k8s/kind/values.yaml": [
      {
        "type": "Secret Keyword",
        "filename": "deploy/k8s/kind/values.yaml",
        "hashed_secret": "12f192751928683ad0c9173315b433efd249f149",
        "is_verified": false,
        "line_number": 30
      },
      {
        "type": "Secret Keyword",
        "filename": "deploy/k8s/kind/values.yaml",
        "hashed_secret": "f915a93de191d489d3c073ce514558d9d112ab0d",
        "is_verified": false,
        "line_number": 51
      }
    ],
    "deploy/k8s/wg_gen.py": [
      {
        "type": "Secret Keyword",
        "filename": "deploy/k8s/wg_gen.py",
        "hashed_secret": "a191d9cb43e3f682b350dcdc74b2167ff78ed3b4",
        "is_verified": false,
        "line_number": 37
      },
      {
        "type": "Secret Keyword",
        "filename": "deploy/k8s/wg_gen.py",
        "hashed_secret": "8ecbfb09891f75ade7c286346fe355113e680af7",
        "is_verified": false,
        "line_number": 42
      },
      {
        "type": "Secret Keyword",
        "filename": "deploy/k8s/wg_gen.py",
        "hashed_secret": "845e1c68668309b563d8a17950b9529de8b3616e",
        "is_verified": false,
        "line_number": 43
      }
    ],
    "docs/deployer/config/omamori_config.md": [
      {
        "type": "Base64 High Entropy String",
        "filename": "docs/deployer/config/omamori_config.md",
        "hashed_secret": "0bf3d51a345fd1d424906e5d194e126b42648b5f",
        "is_verified": false,
        "line_number": 38
      }
    ],
    "docs/user/rest_api/open_api_docu_hanami.json": [
      {
        "type": "Base64 High Entropy String",
        "filename": "docs/user/rest_api/open_api_docu_hanami.json",
        "hashed_secret": "c21bee3e4511680b61e5ec7b59387b5ef6a302dc",
        "is_verified": false,
        "line_number": 23
      },
      {
        "type": "Base64 High Entropy String",
        "filename": "docs/user/rest_api/open_api_docu_hanami.json",
        "hashed_secret": "491ea7c4d23c368ef567c627fc673b6887afd57b",
        "is_verified": false,
        "line_number": 261
      },
      {
        "type": "Base64 High Entropy String",
        "filename": "docs/user/rest_api/open_api_docu_hanami.json",
        "hashed_secret": "c2e6d60037d140dfb624ab9ef56dcf13ef335e28",
        "is_verified": false,
        "line_number": 356
      },
      {
        "type": "Base64 High Entropy String",
        "filename": "docs/user/rest_api/open_api_docu_hanami.json",
        "hashed_secret": "a89b72daf2cf431259335a998708b8d1698d436e",
        "is_verified": false,
        "line_number": 437
      }
    ],
    "docs/user/rest_api/open_api_docu_miko.json": [
      {
        "type": "Base64 High Entropy String",
        "filename": "docs/user/rest_api/open_api_docu_miko.json",
        "hashed_secret": "c21bee3e4511680b61e5ec7b59387b5ef6a302dc",
        "is_verified": false,
        "line_number": 23
      },
      {
        "type": "Base64 High Entropy String",
        "filename": "docs/user/rest_api/open_api_docu_miko.json",
        "hashed_secret": "b3043013e3a1536bf1eeb64e5a5c0059281890ee",
        "is_verified": false,
        "line_number": 209
      },
      {
        "type": "Base64 High Entropy String",
        "filename": "docs/user/rest_api/open_api_docu_miko.json",
        "hashed_secret": "f5190385ccb6b88fb9c212d7b9fc45721529c6e0",
        "is_verified": false,
        "line_number": 243
      },
      {
        "type": "Base64 High Entropy String",
        "filename": "docs/user/rest_api/open_api_docu_miko.json",
        "hashed_secret": "73a63f3db6ab365f58ab57768b060a4e898f2def",
        "is_verified": false,
        "line_number": 320
      },
      {
        "type": "Base64 High Entropy String",
        "filename": "docs/user/rest_api/open_api_docu_miko.json",
        "hashed_secret": "023877bb8eeb72f5ff021cc84e147bd3f130213b",
        "is_verified": false,
        "line_number": 447
      },
      {
        "type": "Base64 High Entropy String",
        "filename": "docs/user/rest_api/open_api_docu_miko.json",
        "hashed_secret": "683b96139c1b3067c14f66a5abd933e9b6507d55",
        "is_verified": false,
        "line_number": 528
      },
      {
        "type": "Base64 High Entropy String",
        "filename": "docs/user/rest_api/open_api_docu_miko.json",
        "hashed_secret": "4628e07097b78aec4fdb0c2d51edfb6b86fbd128",
        "is_verified": false,
        "line_number": 695
      }
    ],
    "docs/user/rest_api/open_api_docu_omamori.json": [
      {
        "type": "Base64 High Entropy String",
        "filename": "docs/user/rest_api/open_api_docu_omamori.json",
        "hashed_secret": "c21bee3e4511680b61e5ec7b59387b5ef6a302dc",
        "is_verified": false,
        "line_number": 23
      },
      {
        "type": "Base64 High Entropy String",
        "filename": "docs/user/rest_api/open_api_docu_omamori.json",
        "hashed_secret": "97d16997283808eb5a7de79bb58f4c539f952ecb",
        "is_verified": false,
        "line_number": 88
      },
      {
        "type": "Base64 High Entropy String",
        "filename": "docs/user/rest_api/open_api_docu_omamori.json",
        "hashed_secret": "44bceb2af4062012d6fb18c33cb1e886426c5db6",
        "is_verified": false,
        "line_number": 165
      },
      {
        "type": "Base64 High Entropy String",
        "filename": "docs/user/rest_api/open_api_docu_omamori.json",
        "hashed_secret": "3538241a318fd09403a16f3c4146b6690fadd808",
        "is_verified": false,
        "line_number": 240
      }
    ],
    "docs/user/rest_api/open_api_docu_ryokan.json": [
      {
        "type": "Base64 High Entropy String",
        "filename": "docs/user/rest_api/open_api_docu_ryokan.json",
        "hashed_secret": "c21bee3e4511680b61e5ec7b59387b5ef6a302dc",
        "is_verified": false,
        "line_number": 23
      },
      {
        "type": "Base64 High Entropy String",
        "filename": "docs/user/rest_api/open_api_docu_ryokan.json",
        "hashed_secret": "a0b64da55d6ba24ad34554fd5ac666709d648476",
        "is_verified": false,
        "line_number": 580
      },
      {
        "type": "Base64 High Entropy String",
        "filename": "docs/user/rest_api/open_api_docu_ryokan.json",
        "hashed_secret": "c505379e012f9000d75ad3768074f9eb30ceeb87",
        "is_verified": false,
        "line_number": 673
      },
      {
        "type": "Base64 High Entropy String",
        "filename": "docs/user/rest_api/open_api_docu_ryokan.json",
        "hashed_secret": "f000819e8b01002c73af6e6f6ce52219d9a2b9e5",
        "is_verified": false,
        "line_number": 842
      },
      {
        "type": "Base64 High Entropy String",
        "filename": "docs/user/rest_api/open_api_docu_ryokan.json",
        "hashed_secret": "c2e6d60037d140dfb624ab9ef56dcf13ef335e28",
        "is_verified": false,
        "line_number": 894
      },
      {
        "type": "Base64 High Entropy String",
        "filename": "docs/user/rest_api/open_api_docu_ryokan.json",
        "hashed_secret": "a89b72daf2cf431259335a998708b8d1698d436e",
        "is_verified": false,
        "line_number": 975
      }
    ],
    "docs/user/rest_api/open_api_docu_sakura.json": [
      {
        "type": "Base64 High Entropy String",
        "filename": "docs/user/rest_api/open_api_docu_sakura.json",
        "hashed_secret": "c21bee3e4511680b61e5ec7b59387b5ef6a302dc",
        "is_verified": false,
        "line_number": 23
      },
      {
        "type": "Base64 High Entropy String",
        "filename": "docs/user/rest_api/open_api_docu_sakura.json",
        "hashed_secret": "1907178f557d7c5e5f5c0bf19cb4398c14d6e297",
        "is_verified": false,
        "line_number": 88
      },
      {
        "type": "Base64 High Entropy String",
        "filename": "docs/user/rest_api/open_api_docu_sakura.json",
        "hashed_secret": "e8aa6aa43f7d986fa3d35fbb8b860363bf38130a",
        "is_verified": false,
        "line_number": 187
      }
    ],
    "docs/user/rest_api/open_api_docu_torii.json": [
      {
        "type": "Base64 High Entropy String",
        "filename": "docs/user/rest_api/open_api_docu_torii.json",
        "hashed_secret": "c21bee3e4511680b61e5ec7b59387b5ef6a302dc",
        "is_verified": false,
        "line_number": 23
      },
      {
        "type": "Base64 High Entropy String",
        "filename": "docs/user/rest_api/open_api_docu_torii.json",
        "hashed_secret": "5a933e889057e77953516d4187c26a15750c6e5e",
        "is_verified": false,
        "line_number": 88
      },
      {
        "type": "Base64 High Entropy String",
        "filename": "docs/user/rest_api/open_api_docu_torii.json",
        "hashed_secret": "899a6938fb1b168ca285cea620fa990dc8744a45",
        "is_verified": false,
        "line_number": 210
      },
      {
        "type": "Base64 High Entropy String",
        "filename": "docs/user/rest_api/open_api_docu_torii.json",
        "hashed_secret": "2a18deeddbc6733ab8f4a5802f1a062af9ee697e",
        "is_verified": false,
        "line_number": 262
      }
    ],
    "example_configs/ainari/omamori.toml": [
      {
        "type": "Base64 High Entropy String",
        "filename": "example_configs/ainari/omamori.toml",
        "hashed_secret": "0bf3d51a345fd1d424906e5d194e126b42648b5f",
        "is_verified": false,
        "line_number": 18
      }
    ],
    "scripts/setup_kind_stack.sh": [
      {
        "type": "Secret Keyword",
        "filename": "scripts/setup_kind_stack.sh",
        "hashed_secret": "12f192751928683ad0c9173315b433efd249f149",
        "is_verified": false,
        "line_number": 86
      }
    ],
    "src/binaries/omamori/src/database/simple_crypto_table.rs": [
      {
        "type": "Secret Keyword",
        "filename": "src/binaries/omamori/src/database/simple_crypto_table.rs",
        "hashed_secret": "5f4e3119fee8ae4ee26d6d105deba7f89ccbafc4",
        "is_verified": false,
        "line_number": 183
      }
    ],
    "src/dashboard/app/src/components/security/secret/secret_overview.vue": [
      {
        "type": "Secret Keyword",
        "filename": "src/dashboard/app/src/components/security/secret/secret_overview.vue",
        "hashed_secret": "d895bc87a60e5fc91315dd20616585a1590cf140",
        "is_verified": false,
        "line_number": 72
      },
      {
        "type": "Secret Keyword",
        "filename": "src/dashboard/app/src/components/security/secret/secret_overview.vue",
        "hashed_secret": "265019c09a6ebe182fb815c646506f5cd0d1bd80",
        "is_verified": false,
        "line_number": 79
      }
    ],
    "src/libs/rust/ainari_common/src/functions.rs": [
      {
        "type": "Private Key",
        "filename": "src/libs/rust/ainari_common/src/functions.rs",
        "hashed_secret": "27c6929aef41ae2bcadac15ca6abcaff72cda9cd",
        "is_verified": false,
        "line_number": 368
      }
    ],
    "testing/local_stack/configs/omamori.toml": [
      {
        "type": "Base64 High Entropy String",
        "filename": "testing/local_stack/configs/omamori.toml",
        "hashed_secret": "0bf3d51a345fd1d424906e5d194e126b42648b5f",
        "is_verified": false,
        "line_number": 19
      }
    ],
    "testing/vagrant/values.yaml": [
      {
        "type": "Secret Keyword",
        "filename": "testing/vagrant/values.yaml",
        "hashed_secret": "833a78f69fa2c09debf2e643b42eb11254f7ed0b",
        "is_verified": false,
        "line_number": 40
      },
      {
        "type": "Secret Keyword",
        "filename": "testing/vagrant/values.yaml",
        "hashed_secret": "f915a93de191d489d3c073ce514558d9d112ab0d",
        "is_verified": false,
        "line_number": 49
      }
    ]
  },
  "generated_at": "2026-09-26T14:43:06Z"
}
